// Jest Snapshot v1, https://goo.gl/fbAQLP

exports[`render renders 1`] = `
<div
  className="m-tnm-sidebar__filter-bar"
>
  <div
    className="m-tnm-sidebar__filter-bar-inner"
  >
    <span
      className="m-tnm-sidebar__filter-header"
    >
      Filter
    </span>
    <button
      aria-label="remove filter by subway"
      className="btn btn-secondary btn-sm m-tnm-sidebar__filter-btn u-small-caps active"
      onClick={[Function]}
      type="button"
    >
      <span
        className="m-tnm-sidebar__mode-icon"
        dangerouslySetInnerHTML={
          Object {
            "__html": "SVG",
          }
        }
      />
      Subway
    </button>
    <button
      aria-label="remove filter by bus"
      className="btn btn-secondary btn-sm m-tnm-sidebar__filter-btn u-small-caps active"
      onClick={[Function]}
      type="button"
    >
      <span
        className="m-tnm-sidebar__mode-icon"
        dangerouslySetInnerHTML={
          Object {
            "__html": "SVG",
          }
        }
      />
      Bus
    </button>
    <button
      aria-label="remove filter by commuter_rail"
      className="btn btn-secondary btn-sm m-tnm-sidebar__filter-btn u-small-caps active"
      onClick={[Function]}
      type="button"
    >
      <span
        className="m-tnm-sidebar__mode-icon"
        dangerouslySetInnerHTML={
          Object {
            "__html": "SVG",
          }
        }
      />
      Rail
    </button>
  </div>
</div>
`;
