// Jest Snapshot v1, https://goo.gl/fbAQLP

exports[`it renders 1`] = `
<div>
  <div
    className="m-tnm-sidebar__direction"
  >
    <div
      className="m-tnm-sidebar__direction-name u-small-caps"
    >
      Inbound
    </div>
    <div
      className="m-tnm-sidebar__direction-destination"
    >
      Downtown Boston
    </div>
  </div>
  <div
    className="m-tnm-sidebar__headsign-schedule"
  >
    <div
      className="m-tnm-sidebar__headsign"
    >
      <div
        className="m-tnm-sidebar__headsign-name"
      >
        Downtown
      </div>
    </div>
    <div
      className="m-tnm-sidebar__schedules"
    >
      <div
        className="m-tnm-sidebar__schedule"
      >
        <div
          className="m-tnm-sidebar__prediction"
        >
          <div
            className="m-tnm-sidebar__prediction-number"
          >
            &lt; 1
          </div>
          <div
            className="m-tnm-sidebar__prediction-mins"
          >
            min
          </div>
        </div>
      </div>
      <div
        className="m-tnm-sidebar__schedule"
      >
        <div
          className="m-tnm-sidebar__prediction"
        >
          <div
            className="m-tnm-sidebar__prediction-number"
          >
            &lt; 1
          </div>
          <div
            className="m-tnm-sidebar__prediction-mins"
          >
            min
          </div>
        </div>
      </div>
    </div>
  </div>
</div>
`;
