// Jest Snapshot v1, https://goo.gl/fbAQLP

exports[`render it renders 1`] = `
<div
  className="m-tnm-sidebar"
>
  <div
    className="m-tnm-sidebar__filter-bar"
  >
    <div
      className="m-tnm-sidebar__filter-bar-inner"
    >
      <span
        className="m-tnm-sidebar__filter-header"
      >
        Filter
      </span>
      <button
        aria-label="add filter by subway"
        className="btn btn-secondary btn-sm m-tnm-sidebar__filter-btn inactive"
        onClick={[Function]}
        type="button"
      >
        <span
          className="m-tnm-sidebar__mode-icon"
          dangerouslySetInnerHTML={
            Object {
              "__html": "SVG",
            }
          }
        />
        Subway
      </button>
      <button
        aria-label="add filter by bus"
        className="btn btn-secondary btn-sm m-tnm-sidebar__filter-btn inactive"
        onClick={[Function]}
        type="button"
      >
        <span
          className="m-tnm-sidebar__mode-icon"
          dangerouslySetInnerHTML={
            Object {
              "__html": "SVG",
            }
          }
        />
        Bus
      </button>
      <button
        aria-label="add filter by rail"
        className="btn btn-secondary btn-sm m-tnm-sidebar__filter-btn inactive"
        onClick={[Function]}
        type="button"
      >
        <span
          className="m-tnm-sidebar__mode-icon"
          dangerouslySetInnerHTML={
            Object {
              "__html": "SVG",
            }
          }
        />
        Rail
      </button>
    </div>
  </div>
  <div
    className="m-tnm-sidebar__header"
  >
    <div
      className="m-tnm-sidebar__header-title"
    >
      <h2>
        Nearby Routes
      </h2>
      <div
        className="m-tnm-sidebar__view-change"
        onClick={[Function]}
        onKeyPress={[Function]}
        role="button"
        tabIndex={0}
      >
        Change view
      </div>
    </div>
  </div>
  <div
    className="m-tnm-sidebar__route"
  >
    <a
      className="h3 m-tnm-sidebar__route-name u-bg--bus"
      href="/schedules/504"
    >
      <span
        className="bus-route-sign"
      >
        504
      </span>
      <span
        className="m-tnm-sidebar__route-alert"
        dangerouslySetInnerHTML={
          Object {
            "__html": "SVG",
          }
        }
      />
    </a>
    <div
      className="m-tnm-sidebar__route-stop"
      onClick={[Function]}
      onKeyPress={[Function]}
      role="button"
      tabIndex={0}
    >
      <div
        className="m-tnm-sidebar__stop-info"
      >
        <a
          className="m-tnm-sidebar__stop-name"
          href="/stops/9983"
        >
          Stuart St @ Charles St S
          <span
            className="m-tnm-sidebar__stop-accessible"
            dangerouslySetInnerHTML={
              Object {
                "__html": "SVG",
              }
            }
          />
        </a>
        <div
          className="m-tnm-sidebar__stop-distance"
        >
          238 ft
        </div>
      </div>
      <div>
        <div
          className="m-tnm-sidebar__direction"
        >
          <div
            className="m-tnm-sidebar__direction-name u-small-caps"
          >
            Outbound
          </div>
        </div>
        <div
          className="m-tnm-sidebar__headsign-schedule m-tnm-sidebar__headsign-schedule--condensed"
        >
          <div
            className="m-tnm-sidebar__headsign"
          >
            <div
              className="m-tnm-sidebar__headsign-name m-tnm-sidebar__headsign-name--large"
            >
              Watertown
            </div>
            <div
              className="m-tnm-sidebar__via"
            >
              via Copley (Express)
            </div>
          </div>
          <div
            className="m-tnm-sidebar__schedules"
          >
            <div
              className="m-tnm-sidebar__schedule"
            >
              <div
                className="m-tnm-sidebar__time"
              >
                <div
                  className="m-tnm-sidebar__time-number"
                >
                  14
                </div>
                <div
                  className="m-tnm-sidebar__time-mins"
                >
                  min
                </div>
              </div>
            </div>
            <div
              className="m-tnm-sidebar__schedule"
            >
              <div
                className="m-tnm-sidebar__time"
              >
                <div
                  className="m-tnm-sidebar__time-number"
                >
                  44
                </div>
                <div
                  className="m-tnm-sidebar__time-mins"
                >
                  min
                </div>
              </div>
            </div>
          </div>
        </div>
      </div>
    </div>
    <div
      className="m-tnm-sidebar__route-stop"
      onClick={[Function]}
      onKeyPress={[Function]}
      role="button"
      tabIndex={0}
    >
      <div
        className="m-tnm-sidebar__stop-info"
      >
        <a
          className="m-tnm-sidebar__stop-name"
          href="/stops/6542"
        >
          Kneeland St @ Washington St
          <span
            className="m-tnm-sidebar__stop-accessible"
            dangerouslySetInnerHTML={
              Object {
                "__html": "SVG",
              }
            }
          />
        </a>
        <div
          className="m-tnm-sidebar__stop-distance"
        >
          0.2 mi
        </div>
      </div>
      <div>
        <div
          className="m-tnm-sidebar__direction"
        >
          <div
            className="m-tnm-sidebar__direction-name u-small-caps"
          >
            Inbound
          </div>
        </div>
        <div
          className="m-tnm-sidebar__headsign-schedule m-tnm-sidebar__headsign-schedule--condensed"
        >
          <div
            className="m-tnm-sidebar__headsign"
          >
            <div
              className="m-tnm-sidebar__headsign-name m-tnm-sidebar__headsign-name--large"
            >
              Downtown
            </div>
            <div
              className="m-tnm-sidebar__via"
            >
              via Copley (Express)
            </div>
          </div>
          <div
            className="m-tnm-sidebar__schedules"
          >
            <div
              className="m-tnm-sidebar__schedule"
            >
              <div
                className="m-tnm-sidebar__time"
              >
                <div
                  className="m-tnm-sidebar__time-number"
                >
                  1
                </div>
                <div
                  className="m-tnm-sidebar__time-mins"
                >
                  min
                </div>
              </div>
            </div>
            <div
              className="m-tnm-sidebar__schedule"
            >
              <div
                className="m-tnm-sidebar__time"
              >
                <div
                  className="m-tnm-sidebar__time-number"
                >
                  14
                </div>
                <div
                  className="m-tnm-sidebar__time-mins"
                >
                  min
                </div>
              </div>
            </div>
          </div>
        </div>
      </div>
    </div>
  </div>
  <div
    className="m-tnm-sidebar__route"
  >
    <a
      className="h3 m-tnm-sidebar__route-name u-bg--bus"
      href="/schedules/55"
    >
      <span
        className="bus-route-sign"
      >
        55
      </span>
    </a>
    <div
      className="m-tnm-sidebar__route-stop"
      onClick={[Function]}
      onKeyPress={[Function]}
      role="button"
      tabIndex={0}
    >
      <div
        className="m-tnm-sidebar__stop-info"
      >
        <a
          className="m-tnm-sidebar__stop-name"
          href="/stops/9983"
        >
          Stuart St @ Charles St S
          <span
            className="m-tnm-sidebar__stop-accessible"
            dangerouslySetInnerHTML={
              Object {
                "__html": "SVG",
              }
            }
          />
        </a>
        <div
          className="m-tnm-sidebar__stop-distance"
        >
          238 ft
        </div>
      </div>
      <div>
        <div
          className="m-tnm-sidebar__direction"
        >
          <div
            className="m-tnm-sidebar__direction-name u-small-caps"
          >
            Outbound
          </div>
        </div>
        <div
          className="m-tnm-sidebar__headsign-schedule m-tnm-sidebar__headsign-schedule--condensed"
        >
          <div
            className="m-tnm-sidebar__headsign"
          >
            <div
              className="m-tnm-sidebar__headsign-name m-tnm-sidebar__headsign-name--large"
            >
              Queensberry St
            </div>
          </div>
          <div
            className="m-tnm-sidebar__schedules"
          >
            <div
              className="m-tnm-sidebar__schedule"
            >
              <div
                className="m-tnm-sidebar__time"
              >
                <div
                  className="m-tnm-sidebar__time-number"
                >
                  39
                </div>
                <div
                  className="m-tnm-sidebar__time-mins"
                >
                  min
                </div>
              </div>
            </div>
            <div
              className="m-tnm-sidebar__schedule"
            >
              <div
                className="m-tnm-sidebar__time"
              >
                <div
                  className="m-tnm-sidebar__time-number"
                >
                  12:55
                </div>
                <div
                  className="m-tnm-sidebar__time-mins"
                >
                  PM
                </div>
              </div>
            </div>
          </div>
        </div>
      </div>
    </div>
    <div
      className="m-tnm-sidebar__route-stop"
      onClick={[Function]}
      onKeyPress={[Function]}
      role="button"
      tabIndex={0}
    >
      <div
        className="m-tnm-sidebar__stop-info"
      >
        <a
          className="m-tnm-sidebar__stop-name"
          href="/stops/8279"
        >
          Tremont St @ Boylston Station
        </a>
        <div
          className="m-tnm-sidebar__stop-distance"
        >
          0.2 mi
        </div>
      </div>
      <div>
        <div
          className="m-tnm-sidebar__direction"
        >
          <div
            className="m-tnm-sidebar__direction-name u-small-caps"
          >
            Outbound
          </div>
        </div>
        <div
          className="m-tnm-sidebar__headsign-schedule m-tnm-sidebar__headsign-schedule--condensed"
        >
          <div
            className="m-tnm-sidebar__headsign"
          >
            <div
              className="m-tnm-sidebar__headsign-name m-tnm-sidebar__headsign-name--large"
            >
              Queensberry St
            </div>
          </div>
          <div
            className="m-tnm-sidebar__schedules"
          >
            <div
              className="m-tnm-sidebar__schedule"
            >
              <div
                className="m-tnm-sidebar__time"
              >
                <div
                  className="m-tnm-sidebar__time-number"
                >
                  39
                </div>
                <div
                  className="m-tnm-sidebar__time-mins"
                >
                  min
                </div>
              </div>
            </div>
            <div
              className="m-tnm-sidebar__schedule"
            >
              <div
                className="m-tnm-sidebar__time"
              >
                <div
                  className="m-tnm-sidebar__time-number"
                >
                  12:55
                </div>
                <div
                  className="m-tnm-sidebar__time-mins"
                >
                  PM
                </div>
              </div>
            </div>
          </div>
        </div>
      </div>
    </div>
  </div>
  <div
    className="m-tnm-sidebar__route"
  >
    <a
      className="h3 m-tnm-sidebar__route-name u-bg--bus"
      href="/schedules/553"
    >
      <span
        className="bus-route-sign"
      >
        553
      </span>
    </a>
    <div
      className="m-tnm-sidebar__route-stop"
      onClick={[Function]}
      onKeyPress={[Function]}
      role="button"
      tabIndex={0}
    >
      <div
        className="m-tnm-sidebar__stop-info"
      >
        <a
          className="m-tnm-sidebar__stop-name"
          href="/stops/9983"
        >
          Stuart St @ Charles St S
          <span
            className="m-tnm-sidebar__stop-accessible"
            dangerouslySetInnerHTML={
              Object {
                "__html": "SVG",
              }
            }
          />
        </a>
        <div
          className="m-tnm-sidebar__stop-distance"
        >
          238 ft
        </div>
      </div>
      <div>
        <div
          className="m-tnm-sidebar__direction"
        >
          <div
            className="m-tnm-sidebar__direction-name u-small-caps"
          >
            Outbound
          </div>
        </div>
        <div
          className="m-tnm-sidebar__headsign-schedule m-tnm-sidebar__headsign-schedule--condensed"
        >
          <div
            className="m-tnm-sidebar__headsign"
          >
            <div
              className="m-tnm-sidebar__headsign-name m-tnm-sidebar__headsign-name--large"
            >
              Waltham
            </div>
            <div
              className="m-tnm-sidebar__via"
            >
              via Copley (Express)
            </div>
          </div>
          <div
            className="m-tnm-sidebar__schedules"
          >
            <div
              className="m-tnm-sidebar__schedule"
            >
              <div
                className="m-tnm-sidebar__time"
              >
                <div
                  className="m-tnm-sidebar__time-number"
                >
                  7:07
                </div>
                <div
                  className="m-tnm-sidebar__time-mins"
                >
                  PM
                </div>
              </div>
            </div>
          </div>
        </div>
      </div>
    </div>
    <div
      className="m-tnm-sidebar__route-stop"
      onClick={[Function]}
      onKeyPress={[Function]}
      role="button"
      tabIndex={0}
    >
      <div
        className="m-tnm-sidebar__stop-info"
      >
        <a
          className="m-tnm-sidebar__stop-name"
          href="/stops/6542"
        >
          Kneeland St @ Washington St
          <span
            className="m-tnm-sidebar__stop-accessible"
            dangerouslySetInnerHTML={
              Object {
                "__html": "SVG",
              }
            }
          />
        </a>
        <div
          className="m-tnm-sidebar__stop-distance"
        >
          0.2 mi
        </div>
      </div>
      <div>
        <div
          className="m-tnm-sidebar__direction"
        >
          <div
            className="m-tnm-sidebar__direction-name u-small-caps"
          >
            Inbound
          </div>
        </div>
        <div
          className="m-tnm-sidebar__headsign-schedule m-tnm-sidebar__headsign-schedule--condensed"
        >
          <div
            className="m-tnm-sidebar__headsign"
          >
            <div
              className="m-tnm-sidebar__headsign-name m-tnm-sidebar__headsign-name--large"
            >
              Downtown
            </div>
            <div
              className="m-tnm-sidebar__via"
            >
              via Copley (Express)
            </div>
          </div>
          <div
            className="m-tnm-sidebar__schedules"
          >
            <div
              className="m-tnm-sidebar__schedule"
            >
              <div
                className="m-tnm-sidebar__time"
              >
                <div
                  className="m-tnm-sidebar__time-number"
                >
                  8:24
                </div>
                <div
                  className="m-tnm-sidebar__time-mins"
                >
                  PM
                </div>
              </div>
            </div>
          </div>
        </div>
      </div>
    </div>
  </div>
</div>
`;
