// Jest Snapshot v1, https://goo.gl/fbAQLP

exports[`it renders with initial markers 1`] = `<div />`;

exports[`it renders without initial markers 1`] = `<div />`;
