// Jest Snapshot v1, https://goo.gl/fbAQLP

exports[`renders 1`] = `
<div
  className="m-stop-page__address-block"
>
  <div
    className="m-stop-page__address"
  >
    <h3
      className="u-small-caps"
    >
      Address
    </h3>
    <div
      className="h3"
    >
      700 Atlantic Ave, Boston, MA 02110
    </div>
  </div>
  <div
    className="m-stop-page__address-links"
  >
    <div
      className="m-stop-page__address-link"
    >
      <a
        className="btn btn-primary"
        href="https://www.google.com/maps/dir/?api=1&destination=700%20Atlantic%20Ave%2C%20Boston%2C%20MA%2002110"
        rel="noopener noreferrer"
        target="_blank"
      >
        Get directions to this station
      </a>
    </div>
    <div
      className="m-stop-page__address-link"
    >
      <a
        href="https://www.google.com/maps/@?api=1&map_action=pano&viewpoint=42.352271,-71.055242"
        rel="noopener noreferrer"
        target="_blank"
      >
        <span
          aria-hidden="true"
          className="notranslate c-svg__icon-street-view m-stop-page__street-view-icon"
          dangerouslySetInnerHTML={
            Object {
              "__html": "SVG",
            }
          }
        />
        Street View
      </a>
    </div>
  </div>
  <div
    className="m-route-pills"
  >
    <div
      className="m-route-pills--subway"
    >
      <div
        className="
      m-stop-page__header-feature
      m-stop-page__header-description
      u-small-caps
      u-bg--red-line
    "
      >
        Red Line
      </div>
    </div>
    <div
      className="m-route-pills--bus"
    >
      <div
        className="
      m-stop-page__header-feature
      m-stop-page__header-description
      u-small-caps
      u-bg--silver-line
    "
      >
        SL1
      </div>
      <div
        className="
      m-stop-page__header-feature
      m-stop-page__header-description
      u-small-caps
      u-bg--silver-line
    "
      >
        SL2
      </div>
      <div
        className="
      m-stop-page__header-feature
      m-stop-page__header-description
      u-small-caps
      u-bg--silver-line
    "
      >
        SL3
      </div>
    </div>
    <div
      className="m-route-pills--commuter_rail"
    >
      <div
        className="
      m-stop-page__header-feature
      m-stop-page__header-description
      u-small-caps
      u-bg--commuter-rail
    "
      >
        Fairmount Line
      </div>
      <div
        className="
      m-stop-page__header-feature
      m-stop-page__header-description
      u-small-caps
      u-bg--commuter-rail
    "
      >
        Framingham/​Worcester Line
      </div>
      <div
        className="
      m-stop-page__header-feature
      m-stop-page__header-description
      u-small-caps
      u-bg--commuter-rail
    "
      >
        Franklin Line
      </div>
      <div
        className="
      m-stop-page__header-feature
      m-stop-page__header-description
      u-small-caps
      u-bg--commuter-rail
    "
      >
        Greenbush Line
      </div>
      <div
        className="
      m-stop-page__header-feature
      m-stop-page__header-description
      u-small-caps
      u-bg--commuter-rail
    "
      >
        Kingston/​Plymouth Line
      </div>
      <div
        className="
      m-stop-page__header-feature
      m-stop-page__header-description
      u-small-caps
      u-bg--commuter-rail
    "
      >
        Middleborough/​Lakeville Line
      </div>
      <div
        className="
      m-stop-page__header-feature
      m-stop-page__header-description
      u-small-caps
      u-bg--commuter-rail
    "
      >
        Needham Line
      </div>
      <div
        className="
      m-stop-page__header-feature
      m-stop-page__header-description
      u-small-caps
      u-bg--commuter-rail
    "
      >
        Providence/​Stoughton Line
      </div>
    </div>
  </div>
</div>
`;
