// Jest Snapshot v1, https://goo.gl/fbAQLP

exports[`ParkingInfo it renders 1`] = `
Array [
  <h3
    aria-controls="panel-bikes"
    aria-expanded={false}
    className="c-expandable-block__header"
    id="header-bikes"
    onClick={[Function]}
    onKeyPress={[Function]}
    role="button"
    tabIndex={0}
  >
    <span
      className="c-expandable-block__header-icon"
      dangerouslySetInnerHTML={
        Object {
          "__html": "SVG",
        }
      }
    />
    Bikes
    <span
      className="c-expandable-block__header-caret"
      dangerouslySetInnerHTML={
        Object {
          "__html": "&#xF107;",
        }
      }
    />
  </h3>,
  <noscript>
    <style>
      #header-bikes { display: none; }
    </style>
    <h3
      className="c-expandable-block__header"
    >
      <span
        className="c-expandable-block__header-icon"
        dangerouslySetInnerHTML={
          Object {
            "__html": "SVG",
          }
        }
      />
      Bikes
      <span
        className="c-expandable-block__header-caret"
        dangerouslySetInnerHTML={
          Object {
            "__html": "&#xF106;",
          }
        }
      />
    </h3>
    <div
      className="c-expandable-block__panel"
      role="region"
    >
      <p>
        South Station has the following bike storage features:
      </p>
      <ul
        className="m-stop-page__sidebar-list"
      >
        <div>
          <li
            className="m-stop-page__sidebar-list-item"
          >
            Pedal and Park
          </li>
          <div
            className="m-stop-page__pedal-and-park"
          >
            Access to secure bike parking is available for registered CharlieCard holders.
            <div>
              <a
                href="https://bc.mbta.com/riding_the_t/bikes/register/Default.asp"
              >
                Register your CharlieCard for bike parking
              </a>
            </div>
          </div>
        </div>
        <li
          className="m-stop-page__sidebar-list-item"
        >
          Regular bike racks
        </li>
        <li
          className="m-stop-page__sidebar-list-item"
        >
          Covered bike racks
        </li>
      </ul>
      <a
        className="c-call-to-action"
        href="/bikes"
      >
        Learn more about bikes and the T
      </a>
    </div>
  </noscript>,
]
`;

exports[`ParkingInfo via enzyme-to-json it displays parking info when opened and inner html 1`] = `
<BikeStorageInfo>
  <Component>
    <h3
      aria-controls="panel-bikes"
      aria-expanded={true}
      className="c-expandable-block__header"
      id="header-bikes"
      onClick={[Function]}
      onKeyPress={[Function]}
      role="button"
      tabIndex={0}
    >
      <span
        className="c-expandable-block__header-icon"
        dangerouslySetInnerHTML={
          Object {
            "__html": "SVG",
          }
        }
      />
      Bikes
      <span
        className="c-expandable-block__header-caret"
        dangerouslySetInnerHTML={
          Object {
            "__html": "&#xF106;",
          }
        }
      />
    </h3>
    <div
      aria-labelledby="header-bikes"
      className="c-expandable-block__panel"
      id="panel-bikes"
      role="region"
      tabIndex={0}
    >
      <p>
        South Station has the following bike storage features:
      </p>
      <ul
        className="m-stop-page__sidebar-list"
      >
        <div
          key="pedal-and-park"
        >
          <li
            className="m-stop-page__sidebar-list-item"
          >
            Pedal and Park
          </li>
          <div
            className="m-stop-page__pedal-and-park"
          >
            Access to secure bike parking is available for registered CharlieCard holders.
            <div>
              <a
                href="https://bc.mbta.com/riding_the_t/bikes/register/Default.asp"
              >
                Register your CharlieCard for bike parking
              </a>
            </div>
          </div>
        </div>
        <li
          className="m-stop-page__sidebar-list-item"
          key="bike_storage_rack"
        >
          Regular bike racks
        </li>
        <li
          className="m-stop-page__sidebar-list-item"
          key="bike_storage_rack_covered"
        >
          Covered bike racks
        </li>
      </ul>
      <a
        className="c-call-to-action"
        href="/bikes"
      >
        Learn more about bikes and the T
      </a>
    </div>
    <noscript>
      <style />
      <h3
        className="c-expandable-block__header"
      />
      <div
        className="c-expandable-block__panel"
        role="region"
      />
    </noscript>
  </Component>
</BikeStorageInfo>
`;
