// Jest Snapshot v1, https://goo.gl/fbAQLP

exports[`LineDiagram for CR with branches going inward renders and matches snapshot 1`] = `"<h3 class=\\"m-schedule-diagram__heading\\">Stations</h3><div class=\\"m-schedule-diagram__filter c-form__input-container\\"><label for=\\"stop-search\\" class=\\"sr-only\\">Search for a station</label><input class=\\"c-form__input\\" id=\\"stop-search\\" type=\\"text\\" placeholder=\\"Search for a station\\" value=\\"\\"><button class=\\"c-form__submit-btn\\" aria-label=\\"search\\" type=\\"button\\"><span class=\\"notranslate c-svg__icon-search-reverse-default\\" aria-hidden=\\"false\\">SVG</span></button></div><div class=\\"m-schedule-diagram m-schedule-diagram--inward\\"><div class=\\"m-schedule-diagram__stop m-schedule-diagram__stop--origin m-schedule-diagram__stop--terminus\\"><div style=\\"color: rgb(240, 11, 66);\\" class=\\"m-schedule-diagram__lines\\"><div class=\\"m-schedule-diagram__line m-schedule-diagram__line--terminus\\"><svg viewBox=\\"0 10 10 10\\" preserveAspectRatio=\\"xMidYMin slice\\" width=\\"100%\\" height=\\"10px\\" class=\\"m-schedule-diagram__line-stop\\"><circle r=\\"5\\" cx=\\"50%\\" cy=\\"3px\\"></circle></svg></div></div><div class=\\"m-schedule-diagram__stop-content\\"><div class=\\"u-bold u-small-caps\\">Destination Line</div><div class=\\"m-schedule-diagram__stop-heading\\"><div class=\\"m-schedule-diagram__stop-name\\"><a href=\\"/stops/tree-destination\\"><h4><span>Destination</span></h4></a></div><div class=\\"m-schedule-diagram__features\\"></div></div><div class=\\"m-schedule-diagram__stop-details\\"><div class=\\"m-schedule-diagram__connections\\"></div></div><div class=\\"m-schedule-diagram__footer\\"><button class=\\"btn btn-link\\" type=\\"button\\">View schedule</button></div></div></div><div class=\\"m-schedule-diagram__expander \\"><h3 class=\\"c-expandable-block__header\\" tabindex=\\"0\\" id=\\"header-Origin - Destination\\" aria-expanded=\\"false\\" aria-controls=\\"panel-Origin - Destination\\" role=\\"button\\"><div class=\\"c-expandable-block__header-text\\"><div class=\\"m-schedule-diagram__stop false\\"><div class=\\"m-schedule-diagram__lines m-schedule-diagram__lines--collapsed\\" style=\\"color: rgb(240, 11, 66);\\"><div class=\\"m-schedule-diagram__line m-schedule-diagram__line--collapsed\\"><div class=\\"m-schedule-diagram__collapsed-icon\\"><svg viewBox=\\"0 0 10 30\\" preserveAspectRatio=\\"xMidYMin slice\\" width=\\"100%\\" height=\\"30px\\" class=\\"m-schedule-diagram__line-stop\\"><circle r=\\"4\\" cy=\\"10\\" cx=\\"50%\\"></circle><circle r=\\"4\\" cy=\\"20\\" cx=\\"50%\\"></circle><circle r=\\"4\\" cy=\\"30\\" cx=\\"50%\\"></circle></svg></div></div></div><div class=\\"m-schedule-diagram__content\\"><button class=\\"btn btn-link m-schedule-diagram__toggle\\" type=\\"button\\">3 stops</button></div></div><span class=\\"c-expandable-block__header-caret\\"></span></div></h3><noscript></noscript></div><div class=\\"m-schedule-diagram__stop m-schedule-diagram__stop--origin m-schedule-diagram__stop--terminus\\"><div style=\\"color: rgb(240, 11, 66);\\" class=\\"m-schedule-diagram__lines\\"><div class=\\"m-schedule-diagram__line m-schedule-diagram__line--line\\"></div><div class=\\"m-schedule-diagram__line m-schedule-diagram__line--terminus\\"><svg viewBox=\\"0 10 10 10\\" preserveAspectRatio=\\"xMidYMin slice\\" width=\\"100%\\" height=\\"10px\\" class=\\"m-schedule-diagram__line-stop\\"><circle r=\\"5\\" cx=\\"50%\\" cy=\\"3px\\"></circle></svg></div></div><div class=\\"m-schedule-diagram__stop-content\\"><div class=\\"u-bold u-small-caps\\">Twig Destination Line</div><div class=\\"m-schedule-diagram__stop-heading\\"><div class=\\"m-schedule-diagram__stop-name\\"><a href=\\"/stops/tree-twig-destination\\"><h4><span>Twig Destination</span></h4></a></div><div class=\\"m-schedule-diagram__features\\"></div></div><div class=\\"m-schedule-diagram__stop-details\\"><div class=\\"m-schedule-diagram__connections\\"></div></div><div class=\\"m-schedule-diagram__footer\\"><button class=\\"btn btn-link\\" type=\\"button\\">View schedule</button></div></div></div><div class=\\"m-schedule-diagram__expanded\\"><div class=\\"m-schedule-diagram__stop\\"><div style=\\"color: rgb(240, 11, 66);\\" class=\\"m-schedule-diagram__lines\\"><div class=\\"m-schedule-diagram__line m-schedule-diagram__line--line\\"></div><div class=\\"m-schedule-diagram__line m-schedule-diagram__line--stop\\"><svg viewBox=\\"0 10 10 10\\" preserveAspectRatio=\\"xMidYMin slice\\" width=\\"100%\\" height=\\"10px\\" class=\\"m-schedule-diagram__line-stop\\"><circle r=\\"4\\" cx=\\"50%\\" cy=\\"32px\\"></circle></svg></div></div><div class=\\"m-schedule-diagram__stop-content\\"><div class=\\"m-schedule-diagram__stop-heading\\"><div class=\\"m-schedule-diagram__stop-name\\"><a href=\\"/stops/tree-twig-stop\\"><h4><span>Twig Stop</span></h4></a></div><div class=\\"m-schedule-diagram__features\\"></div></div><div class=\\"m-schedule-diagram__stop-details\\"><div class=\\"m-schedule-diagram__connections\\"></div></div><div class=\\"m-schedule-diagram__footer\\"><button class=\\"btn btn-link\\" type=\\"button\\">View schedule</button></div></div></div></div><div class=\\"m-schedule-diagram__stop m-schedule-diagram__stop--origin m-schedule-diagram__stop--terminus\\"><div style=\\"color: rgb(240, 11, 66);\\" class=\\"m-schedule-diagram__lines\\"><div class=\\"m-schedule-diagram__line m-schedule-diagram__line--line\\"></div><div class=\\"m-schedule-diagram__line m-schedule-diagram__line--line\\"></div><div class=\\"m-schedule-diagram__line m-schedule-diagram__line--terminus\\"><svg viewBox=\\"0 10 10 10\\" preserveAspectRatio=\\"xMidYMin slice\\" width=\\"100%\\" height=\\"10px\\" class=\\"m-schedule-diagram__line-stop\\"><circle r=\\"5\\" cx=\\"50%\\" cy=\\"3px\\"></circle></svg></div></div><div class=\\"m-schedule-diagram__stop-content\\"><div class=\\"u-bold u-small-caps\\">Branch Destination Line</div><div class=\\"m-schedule-diagram__stop-heading\\"><div class=\\"m-schedule-diagram__stop-name\\"><a href=\\"/stops/tree-branch-destination\\"><h4><span>Branch Destination</span></h4></a></div><div class=\\"m-schedule-diagram__features\\"></div></div><div class=\\"m-schedule-diagram__stop-details\\"><div class=\\"m-schedule-diagram__connections\\"></div></div><div class=\\"m-schedule-diagram__footer\\"><button class=\\"btn btn-link\\" type=\\"button\\">View schedule</button></div></div></div><div class=\\"m-schedule-diagram__expander m-schedule-diagram__expander--merging\\"><h3 class=\\"c-expandable-block__header\\" tabindex=\\"0\\" id=\\"header-Origin - Branch Destination\\" aria-expanded=\\"false\\" aria-controls=\\"panel-Origin - Branch Destination\\" role=\\"button\\"><div class=\\"c-expandable-block__header-text\\"><div class=\\"m-schedule-diagram__stop m-schedule-diagram__stop--merging\\"><div class=\\"m-schedule-diagram__lines m-schedule-diagram__lines--collapsed\\" style=\\"color: rgb(240, 11, 66);\\"><div class=\\"m-schedule-diagram__line\\"></div><div class=\\"m-schedule-diagram__line\\"></div><div class=\\"m-schedule-diagram__line m-schedule-diagram__line--collapsed\\"><div class=\\"m-schedule-diagram__collapsed-icon\\"><svg viewBox=\\"0 0 10 30\\" preserveAspectRatio=\\"xMidYMin slice\\" width=\\"100%\\" height=\\"30px\\" class=\\"m-schedule-diagram__line-stop\\"><circle r=\\"4\\" cy=\\"10\\" cx=\\"50%\\"></circle><circle r=\\"4\\" cy=\\"20\\" cx=\\"50%\\"></circle><circle r=\\"4\\" cy=\\"30\\" cx=\\"50%\\"></circle></svg></div></div></div><div class=\\"m-schedule-diagram__content\\"><button class=\\"btn btn-link m-schedule-diagram__toggle\\" type=\\"button\\">3 stops</button></div></div><span class=\\"c-expandable-block__header-caret\\"></span></div></h3><noscript></noscript></div><div class=\\"m-schedule-diagram__stop\\"><div style=\\"color: rgb(240, 11, 66);\\" class=\\"m-schedule-diagram__lines\\"><div class=\\"m-schedule-diagram__line m-schedule-diagram__line--stop\\"><svg viewBox=\\"0 10 10 10\\" preserveAspectRatio=\\"xMidYMin slice\\" width=\\"100%\\" height=\\"10px\\" class=\\"m-schedule-diagram__line-stop\\"><circle r=\\"4\\" cx=\\"50%\\" cy=\\"32px\\"></circle></svg></div></div><div class=\\"m-schedule-diagram__stop-content\\"><div class=\\"m-schedule-diagram__stop-heading\\"><div class=\\"m-schedule-diagram__stop-name\\"><a href=\\"/stops/tree-stop1\\"><h4><span>Stop 1</span></h4></a></div><div class=\\"m-schedule-diagram__features\\"></div></div><div class=\\"m-schedule-diagram__stop-details\\"><div class=\\"m-schedule-diagram__connections\\"></div></div><div class=\\"m-schedule-diagram__footer\\"><button class=\\"btn btn-link\\" type=\\"button\\">View schedule</button></div></div></div><div class=\\"m-schedule-diagram__stop\\"><div style=\\"color: rgb(240, 11, 66);\\" class=\\"m-schedule-diagram__lines\\"><div class=\\"m-schedule-diagram__line m-schedule-diagram__line--stop\\"><svg viewBox=\\"0 10 10 10\\" preserveAspectRatio=\\"xMidYMin slice\\" width=\\"100%\\" height=\\"10px\\" class=\\"m-schedule-diagram__line-stop\\"><circle r=\\"4\\" cx=\\"50%\\" cy=\\"32px\\"></circle></svg></div></div><div class=\\"m-schedule-diagram__stop-content\\"><div class=\\"m-schedule-diagram__stop-heading\\"><div class=\\"m-schedule-diagram__stop-name\\"><a href=\\"/stops/tree-stop0\\"><h4><span>Stop 0</span></h4></a></div><div class=\\"m-schedule-diagram__features\\"></div></div><div class=\\"m-schedule-diagram__stop-details\\"><div class=\\"m-schedule-diagram__connections\\"></div></div><div class=\\"m-schedule-diagram__footer\\"><button class=\\"btn btn-link\\" type=\\"button\\">View schedule</button></div></div></div><div class=\\"m-schedule-diagram__stop m-schedule-diagram__stop--destination m-schedule-diagram__stop--terminus\\"><div style=\\"color: rgb(240, 11, 66);\\" class=\\"m-schedule-diagram__lines\\"><div class=\\"m-schedule-diagram__line m-schedule-diagram__line--terminus\\"><svg viewBox=\\"0 10 10 10\\" preserveAspectRatio=\\"xMidYMin slice\\" width=\\"100%\\" height=\\"10px\\" class=\\"m-schedule-diagram__line-stop\\"><circle r=\\"5\\" cx=\\"50%\\" cy=\\"32px\\"></circle></svg></div></div><div class=\\"m-schedule-diagram__stop-content\\"><div class=\\"m-schedule-diagram__stop-heading\\"><div class=\\"m-schedule-diagram__stop-name\\"><a href=\\"/stops/tree-origin\\"><h4><span>Origin</span></h4></a></div><div class=\\"m-schedule-diagram__features\\"></div></div><div class=\\"m-schedule-diagram__stop-details\\"><div class=\\"m-schedule-diagram__connections\\"></div></div></div></div></div>"`;

exports[`LineDiagram with branches going outward renders and matches snapshot 1`] = `"<h3 class=\\"m-schedule-diagram__heading\\">Stops</h3><div class=\\"m-schedule-diagram__filter c-form__input-container\\"><label for=\\"stop-search\\" class=\\"sr-only\\">Search for a stop</label><input class=\\"c-form__input\\" id=\\"stop-search\\" type=\\"text\\" placeholder=\\"Search for a stop\\" value=\\"\\"><button class=\\"c-form__submit-btn\\" aria-label=\\"search\\" type=\\"button\\"><span class=\\"notranslate c-svg__icon-search-reverse-default\\" aria-hidden=\\"false\\">SVG</span></button></div><div class=\\"m-schedule-diagram m-schedule-diagram--outward\\"><div class=\\"m-schedule-diagram__stop m-schedule-diagram__stop--origin m-schedule-diagram__stop--terminus\\"><div style=\\"color: rgb(240, 11, 66);\\" class=\\"m-schedule-diagram__lines\\"><div class=\\"m-schedule-diagram__line m-schedule-diagram__line--terminus\\"><svg viewBox=\\"0 10 10 10\\" preserveAspectRatio=\\"xMidYMin slice\\" width=\\"100%\\" height=\\"10px\\" class=\\"m-schedule-diagram__line-stop\\"><circle r=\\"5\\" cx=\\"50%\\" cy=\\"3px\\"></circle></svg></div></div><div class=\\"m-schedule-diagram__stop-content\\"><div class=\\"m-schedule-diagram__stop-heading\\"><div class=\\"m-schedule-diagram__stop-name\\"><a href=\\"/stops/tree-origin\\"><h4><span>Origin</span></h4></a></div><div class=\\"m-schedule-diagram__features\\"></div></div><div class=\\"m-schedule-diagram__stop-details\\"><div class=\\"m-schedule-diagram__connections\\"></div></div><div class=\\"m-schedule-diagram__footer\\"><button class=\\"btn btn-link\\" type=\\"button\\">View schedule</button></div></div></div><div class=\\"m-schedule-diagram__stop\\"><div style=\\"color: rgb(240, 11, 66);\\" class=\\"m-schedule-diagram__lines\\"><div class=\\"m-schedule-diagram__line m-schedule-diagram__line--stop\\"><svg viewBox=\\"0 10 10 10\\" preserveAspectRatio=\\"xMidYMin slice\\" width=\\"100%\\" height=\\"10px\\" class=\\"m-schedule-diagram__line-stop\\"><circle r=\\"4\\" cx=\\"50%\\" cy=\\"32px\\"></circle></svg></div></div><div class=\\"m-schedule-diagram__stop-content\\"><div class=\\"m-schedule-diagram__stop-heading\\"><div class=\\"m-schedule-diagram__stop-name\\"><a href=\\"/stops/tree-stop0\\"><h4><span>Stop 0</span></h4></a></div><div class=\\"m-schedule-diagram__features\\"></div></div><div class=\\"m-schedule-diagram__stop-details\\"><div class=\\"m-schedule-diagram__connections\\"></div></div><div class=\\"m-schedule-diagram__footer\\"><button class=\\"btn btn-link\\" type=\\"button\\">View schedule</button></div></div></div><div class=\\"m-schedule-diagram__stop\\"><div style=\\"color: rgb(240, 11, 66);\\" class=\\"m-schedule-diagram__lines\\"><div class=\\"m-schedule-diagram__line m-schedule-diagram__line--stop\\"><svg viewBox=\\"0 10 10 10\\" preserveAspectRatio=\\"xMidYMin slice\\" width=\\"100%\\" height=\\"10px\\" class=\\"m-schedule-diagram__line-stop\\"><circle r=\\"4\\" cx=\\"50%\\" cy=\\"32px\\"></circle></svg></div></div><div class=\\"m-schedule-diagram__stop-content\\"><div class=\\"m-schedule-diagram__stop-heading\\"><div class=\\"m-schedule-diagram__stop-name\\"><a href=\\"/stops/tree-stop1\\"><h4><span>Stop 1</span></h4></a></div><div class=\\"m-schedule-diagram__features\\"></div></div><div class=\\"m-schedule-diagram__stop-details\\"><div class=\\"m-schedule-diagram__connections\\"></div></div><div class=\\"m-schedule-diagram__footer\\"><button class=\\"btn btn-link\\" type=\\"button\\">View schedule</button></div></div></div><div class=\\"m-schedule-diagram__expander m-schedule-diagram__expander--merging\\"><h3 class=\\"c-expandable-block__header\\" tabindex=\\"0\\" id=\\"header-Origin - Branch Destination\\" aria-expanded=\\"false\\" aria-controls=\\"panel-Origin - Branch Destination\\" role=\\"button\\"><div class=\\"c-expandable-block__header-text\\"><div class=\\"m-schedule-diagram__stop m-schedule-diagram__stop--merging\\"><div class=\\"m-schedule-diagram__lines m-schedule-diagram__lines--collapsed\\" style=\\"color: rgb(240, 11, 66);\\"><div class=\\"m-schedule-diagram__line\\"></div><div class=\\"m-schedule-diagram__line\\"></div><div class=\\"m-schedule-diagram__line m-schedule-diagram__line--collapsed\\"><div class=\\"m-schedule-diagram__collapsed-icon\\"><svg viewBox=\\"0 0 10 30\\" preserveAspectRatio=\\"xMidYMin slice\\" width=\\"100%\\" height=\\"30px\\" class=\\"m-schedule-diagram__line-stop\\"><circle r=\\"4\\" cy=\\"10\\" cx=\\"50%\\"></circle><circle r=\\"4\\" cy=\\"20\\" cx=\\"50%\\"></circle><circle r=\\"4\\" cy=\\"30\\" cx=\\"50%\\"></circle></svg></div></div></div><div class=\\"m-schedule-diagram__content\\"><button class=\\"btn btn-link m-schedule-diagram__toggle\\" type=\\"button\\">3 stops</button></div></div><span class=\\"c-expandable-block__header-caret\\"></span></div></h3><noscript></noscript></div><div class=\\"m-schedule-diagram__stop m-schedule-diagram__stop--destination m-schedule-diagram__stop--terminus\\"><div style=\\"color: rgb(240, 11, 66);\\" class=\\"m-schedule-diagram__lines\\"><div class=\\"m-schedule-diagram__line m-schedule-diagram__line--line\\"></div><div class=\\"m-schedule-diagram__line m-schedule-diagram__line--line\\"></div><div class=\\"m-schedule-diagram__line m-schedule-diagram__line--terminus\\"><svg viewBox=\\"0 10 10 10\\" preserveAspectRatio=\\"xMidYMin slice\\" width=\\"100%\\" height=\\"10px\\" class=\\"m-schedule-diagram__line-stop\\"><circle r=\\"5\\" cx=\\"50%\\" cy=\\"32px\\"></circle></svg></div></div><div class=\\"m-schedule-diagram__stop-content\\"><div class=\\"u-bold u-small-caps\\">Branch Destination Branch</div><div class=\\"m-schedule-diagram__stop-heading\\"><div class=\\"m-schedule-diagram__stop-name\\"><a href=\\"/stops/tree-branch-destination\\"><h4><span>Branch Destination</span></h4></a></div><div class=\\"m-schedule-diagram__features\\"></div></div><div class=\\"m-schedule-diagram__stop-details\\"><div class=\\"m-schedule-diagram__connections\\"></div></div></div></div><div class=\\"m-schedule-diagram__expanded\\"><div class=\\"m-schedule-diagram__stop\\"><div style=\\"color: rgb(240, 11, 66);\\" class=\\"m-schedule-diagram__lines\\"><div class=\\"m-schedule-diagram__line m-schedule-diagram__line--line\\"></div><div class=\\"m-schedule-diagram__line m-schedule-diagram__line--stop\\"><svg viewBox=\\"0 10 10 10\\" preserveAspectRatio=\\"xMidYMin slice\\" width=\\"100%\\" height=\\"10px\\" class=\\"m-schedule-diagram__line-stop\\"><circle r=\\"4\\" cx=\\"50%\\" cy=\\"32px\\"></circle></svg></div></div><div class=\\"m-schedule-diagram__stop-content\\"><div class=\\"m-schedule-diagram__stop-heading\\"><div class=\\"m-schedule-diagram__stop-name\\"><a href=\\"/stops/tree-twig-stop\\"><h4><span>Twig Stop</span></h4></a></div><div class=\\"m-schedule-diagram__features\\"></div></div><div class=\\"m-schedule-diagram__stop-details\\"><div class=\\"m-schedule-diagram__connections\\"></div></div><div class=\\"m-schedule-diagram__footer\\"><button class=\\"btn btn-link\\" type=\\"button\\">View schedule</button></div></div></div></div><div class=\\"m-schedule-diagram__stop m-schedule-diagram__stop--destination m-schedule-diagram__stop--terminus\\"><div style=\\"color: rgb(240, 11, 66);\\" class=\\"m-schedule-diagram__lines\\"><div class=\\"m-schedule-diagram__line m-schedule-diagram__line--line\\"></div><div class=\\"m-schedule-diagram__line m-schedule-diagram__line--terminus\\"><svg viewBox=\\"0 10 10 10\\" preserveAspectRatio=\\"xMidYMin slice\\" width=\\"100%\\" height=\\"10px\\" class=\\"m-schedule-diagram__line-stop\\"><circle r=\\"5\\" cx=\\"50%\\" cy=\\"32px\\"></circle></svg></div></div><div class=\\"m-schedule-diagram__stop-content\\"><div class=\\"u-bold u-small-caps\\">Twig Destination Branch</div><div class=\\"m-schedule-diagram__stop-heading\\"><div class=\\"m-schedule-diagram__stop-name\\"><a href=\\"/stops/tree-twig-destination\\"><h4><span>Twig Destination</span></h4></a></div><div class=\\"m-schedule-diagram__features\\"></div></div><div class=\\"m-schedule-diagram__stop-details\\"><div class=\\"m-schedule-diagram__connections\\"></div></div></div></div><div class=\\"m-schedule-diagram__expander \\"><h3 class=\\"c-expandable-block__header\\" tabindex=\\"0\\" id=\\"header-Origin - Destination\\" aria-expanded=\\"false\\" aria-controls=\\"panel-Origin - Destination\\" role=\\"button\\"><div class=\\"c-expandable-block__header-text\\"><div class=\\"m-schedule-diagram__stop false\\"><div class=\\"m-schedule-diagram__lines m-schedule-diagram__lines--collapsed\\" style=\\"color: rgb(240, 11, 66);\\"><div class=\\"m-schedule-diagram__line m-schedule-diagram__line--collapsed\\"><div class=\\"m-schedule-diagram__collapsed-icon\\"><svg viewBox=\\"0 0 10 30\\" preserveAspectRatio=\\"xMidYMin slice\\" width=\\"100%\\" height=\\"30px\\" class=\\"m-schedule-diagram__line-stop\\"><circle r=\\"4\\" cy=\\"10\\" cx=\\"50%\\"></circle><circle r=\\"4\\" cy=\\"20\\" cx=\\"50%\\"></circle><circle r=\\"4\\" cy=\\"30\\" cx=\\"50%\\"></circle></svg></div></div></div><div class=\\"m-schedule-diagram__content\\"><button class=\\"btn btn-link m-schedule-diagram__toggle\\" type=\\"button\\">3 stops</button></div></div><span class=\\"c-expandable-block__header-caret\\"></span></div></h3><noscript></noscript></div><div class=\\"m-schedule-diagram__stop m-schedule-diagram__stop--destination m-schedule-diagram__stop--terminus\\"><div style=\\"color: rgb(240, 11, 66);\\" class=\\"m-schedule-diagram__lines\\"><div class=\\"m-schedule-diagram__line m-schedule-diagram__line--terminus\\"><svg viewBox=\\"0 10 10 10\\" preserveAspectRatio=\\"xMidYMin slice\\" width=\\"100%\\" height=\\"10px\\" class=\\"m-schedule-diagram__line-stop\\"><circle r=\\"5\\" cx=\\"50%\\" cy=\\"32px\\"></circle></svg></div></div><div class=\\"m-schedule-diagram__stop-content\\"><div class=\\"u-bold u-small-caps\\">Destination Branch</div><div class=\\"m-schedule-diagram__stop-heading\\"><div class=\\"m-schedule-diagram__stop-name\\"><a href=\\"/stops/tree-destination\\"><h4><span>Destination</span></h4></a></div><div class=\\"m-schedule-diagram__features\\"></div></div><div class=\\"m-schedule-diagram__stop-details\\"><div class=\\"m-schedule-diagram__connections\\"></div></div></div></div></div>"`;

exports[`LineDiagram without branches renders and matches snapshot 1`] = `"<h3 class=\\"m-schedule-diagram__heading\\">Stops</h3><div class=\\"m-schedule-diagram__filter c-form__input-container\\"><label for=\\"stop-search\\" class=\\"sr-only\\">Search for a stop</label><input class=\\"c-form__input\\" id=\\"stop-search\\" type=\\"text\\" placeholder=\\"Search for a stop\\" value=\\"\\"><button class=\\"c-form__submit-btn\\" aria-label=\\"search\\" type=\\"button\\"><span class=\\"notranslate c-svg__icon-search-reverse-default\\" aria-hidden=\\"false\\">SVG</span></button></div><div class=\\"m-schedule-diagram m-schedule-diagram--outward\\"><div class=\\"m-schedule-diagram__stop m-schedule-diagram__stop--origin m-schedule-diagram__stop--terminus\\"><div style=\\"color: rgb(240, 11, 66);\\" class=\\"m-schedule-diagram__lines\\"><div class=\\"m-schedule-diagram__line m-schedule-diagram__line--terminus\\"><svg viewBox=\\"0 10 10 10\\" preserveAspectRatio=\\"xMidYMin slice\\" width=\\"100%\\" height=\\"10px\\" class=\\"m-schedule-diagram__line-stop\\"><circle r=\\"5\\" cx=\\"50%\\" cy=\\"3px\\"></circle></svg></div></div><div class=\\"m-schedule-diagram__stop-content\\"><div class=\\"m-schedule-diagram__stop-heading\\"><div class=\\"m-schedule-diagram__stop-name\\"><a href=\\"/stops/line-origin\\"><h4><span>Origin</span></h4></a></div><div class=\\"m-schedule-diagram__features\\"><span data-toggle=\\"tooltip\\" data-trigger=\\"hover focus\\" data-placement=\\"bottom\\" data-animation=\\"true\\" data-selector=\\"true\\" data-original-title=\\"Parking\\" title=\\"Parking\\"><span class=\\"notranslate c-svg__icon-parking-default m-schedule-diagram__feature-icon\\" aria-hidden=\\"false\\">SVG</span></span></div></div><div class=\\"m-schedule-diagram__stop-details\\"><div class=\\"m-schedule-diagram__connections\\"></div></div><div class=\\"m-schedule-diagram__footer\\"><button class=\\"btn btn-link\\" type=\\"button\\">View schedule</button></div></div></div><div class=\\"m-schedule-diagram__stop\\"><div style=\\"color: rgb(240, 11, 66);\\" class=\\"m-schedule-diagram__lines\\"><div class=\\"m-schedule-diagram__line m-schedule-diagram__line--stop\\"><svg viewBox=\\"0 10 10 10\\" preserveAspectRatio=\\"xMidYMin slice\\" width=\\"100%\\" height=\\"10px\\" class=\\"m-schedule-diagram__line-stop\\"><circle r=\\"4\\" cx=\\"50%\\" cy=\\"32px\\"></circle></svg><div class=\\"m-schedule-diagram__vehicle m-schedule-diagram__vehicle--incoming\\"><span data-toggle=\\"tooltip\\" data-trigger=\\"hover focus\\" data-placement=\\"right\\" data-animation=\\"false\\" data-selector=\\"true\\" data-original-title=\\"Dest1 bus is arriving at Stop 1\\" title=\\"Dest1 bus is arriving at Stop 1\\"><span class=\\"notranslate m-schedule-diagram__vehicle--icon\\" aria-hidden=\\"false\\">SVG</span></span></div><div class=\\"m-schedule-diagram__vehicle m-schedule-diagram__vehicle--in_transit\\"><span data-toggle=\\"tooltip\\" data-trigger=\\"hover focus\\" data-placement=\\"right\\" data-animation=\\"false\\" data-selector=\\"true\\" data-original-title=\\"Bus is on the way to Stop 1\\" title=\\"Bus is on the way to Stop 1\\"><span class=\\"notranslate m-schedule-diagram__vehicle--icon\\" aria-hidden=\\"false\\">SVG</span></span></div></div></div><div class=\\"m-schedule-diagram__stop-content\\"><div class=\\"m-schedule-diagram__stop-heading\\"><div class=\\"m-schedule-diagram__stop-name\\"><a href=\\"/stops/line-stop1\\"><h4><span>Stop 1</span></h4></a></div><div class=\\"m-schedule-diagram__features\\"></div></div><div class=\\"m-schedule-diagram__stop-details\\"><div class=\\"m-schedule-diagram__connections\\"><a href=\\"/schedules/Orange/line\\" data-toggle=\\"tooltip\\" data-trigger=\\"hover focus\\" data-placement=\\"bottom\\" data-animation=\\"false\\" data-selector=\\"true\\" data-original-title=\\"Orange Line\\" title=\\"Orange Line\\"><span class=\\"m-schedule-diagram__connection\\"><span class=\\"notranslate c-svg__icon\\" aria-hidden=\\"false\\">SVG</span></span></a><a href=\\"/schedules/Green-C/line\\" data-toggle=\\"tooltip\\" data-trigger=\\"hover focus\\" data-placement=\\"bottom\\" data-animation=\\"false\\" data-selector=\\"true\\" data-original-title=\\"Green Line C\\" title=\\"Green Line C\\"><span class=\\"m-schedule-diagram__connection\\"><span class=\\"notranslate c-svg__icon\\" aria-hidden=\\"false\\">SVG</span></span></a></div><div class=\\"m-schedule-diagram__predictions\\"><div class=\\"m-schedule-diagram__prediction\\"><div>Dest1</div><div class=\\"m-schedule-diagram__prediction-time\\">2   min</div></div><div class=\\"m-schedule-diagram__prediction\\"><div>Dest2</div><div class=\\"m-schedule-diagram__prediction-time\\">5   min</div></div></div></div><div class=\\"m-schedule-diagram__footer\\"><button class=\\"btn btn-link\\" type=\\"button\\">View schedule</button></div></div></div><div class=\\"m-schedule-diagram__stop\\"><div style=\\"color: rgb(240, 11, 66);\\" class=\\"m-schedule-diagram__lines\\"><div class=\\"m-schedule-diagram__line m-schedule-diagram__line--stop\\"><svg viewBox=\\"0 10 10 10\\" preserveAspectRatio=\\"xMidYMin slice\\" width=\\"100%\\" height=\\"10px\\" class=\\"m-schedule-diagram__line-stop\\"><circle r=\\"4\\" cx=\\"50%\\" cy=\\"32px\\"></circle></svg><div class=\\"m-schedule-diagram__vehicle m-schedule-diagram__vehicle--in_transit\\"><span data-toggle=\\"tooltip\\" data-trigger=\\"hover focus\\" data-placement=\\"right\\" data-animation=\\"false\\" data-selector=\\"true\\" data-original-title=\\"Dest2 bus is on the way to Stop 2\\" title=\\"Dest2 bus is on the way to Stop 2\\"><span class=\\"notranslate m-schedule-diagram__vehicle--icon\\" aria-hidden=\\"false\\">SVG</span></span></div></div></div><div class=\\"m-schedule-diagram__stop-content\\"><div class=\\"m-schedule-diagram__stop-heading\\"><div class=\\"m-schedule-diagram__stop-name\\"><a href=\\"/stops/line-stop2\\"><h4><span class=\\"notranslate c-svg__icon-alerts-triangle\\" aria-hidden=\\"false\\">SVG</span><span class=\\"sr-only\\">Service alert or delay</span>&nbsp;<span>Stop 2</span></h4></a></div><div class=\\"m-schedule-diagram__features\\"><span data-toggle=\\"tooltip\\" data-trigger=\\"hover focus\\" data-placement=\\"bottom\\" data-animation=\\"true\\" data-selector=\\"true\\" data-original-title=\\"Accessible\\" title=\\"Accessible\\"><span class=\\"notranslate c-svg__icon-acessible-default m-schedule-diagram__feature-icon\\" aria-hidden=\\"false\\">SVG</span></span></div></div><div class=\\"m-schedule-diagram__stop-details\\"><div class=\\"m-schedule-diagram__connections\\"><a href=\\"/schedules/62/line\\" data-toggle=\\"tooltip\\" data-trigger=\\"hover focus\\" data-placement=\\"bottom\\" data-animation=\\"false\\" data-selector=\\"true\\" data-original-title=\\"Route 62\\" title=\\"Route 62\\"><span class=\\"c-icon__bus-pill--small m-schedule-diagram__connection u-bg--bus\\">62</span></a><a href=\\"/schedules/67/line\\" data-toggle=\\"tooltip\\" data-trigger=\\"hover focus\\" data-placement=\\"bottom\\" data-animation=\\"false\\" data-selector=\\"true\\" data-original-title=\\"Route 67\\" title=\\"Route 67\\"><span class=\\"c-icon__bus-pill--small m-schedule-diagram__connection u-bg--bus\\">67</span></a></div><div class=\\"m-schedule-diagram__predictions\\"><div class=\\"m-schedule-diagram__prediction\\"><div>Dest2</div><div class=\\"m-schedule-diagram__prediction-time\\">7   min</div></div></div></div><div class=\\"m-schedule-diagram__footer\\"><button class=\\"btn btn-link\\" type=\\"button\\">View schedule</button></div></div></div><div class=\\"m-schedule-diagram__stop m-schedule-diagram__stop--terminus\\"><div style=\\"color: rgb(240, 11, 66);\\" class=\\"m-schedule-diagram__lines\\"><div class=\\"m-schedule-diagram__line m-schedule-diagram__line--terminus\\"><svg viewBox=\\"0 10 10 10\\" preserveAspectRatio=\\"xMidYMin slice\\" width=\\"100%\\" height=\\"10px\\" class=\\"m-schedule-diagram__line-stop\\"><circle r=\\"5\\" cx=\\"50%\\" cy=\\"32px\\"></circle></svg></div></div><div class=\\"m-schedule-diagram__stop-content\\"><div class=\\"m-schedule-diagram__stop-heading\\"><div class=\\"m-schedule-diagram__stop-name\\"><a href=\\"/stops/line-destination\\"><h4><span>Destination</span></h4></a></div><div class=\\"m-schedule-diagram__features\\"><span data-toggle=\\"tooltip\\" data-trigger=\\"hover focus\\" data-placement=\\"bottom\\" data-animation=\\"true\\" data-selector=\\"true\\" data-original-title=\\"Parking\\" title=\\"Parking\\"><span class=\\"notranslate c-svg__icon-parking-default m-schedule-diagram__feature-icon\\" aria-hidden=\\"false\\">SVG</span></span><span data-toggle=\\"tooltip\\" data-trigger=\\"hover focus\\" data-placement=\\"bottom\\" data-animation=\\"true\\" data-selector=\\"true\\" data-original-title=\\"Accessible\\" title=\\"Accessible\\"><span class=\\"notranslate c-svg__icon-acessible-default m-schedule-diagram__feature-icon\\" aria-hidden=\\"false\\">SVG</span></span></div></div><div class=\\"m-schedule-diagram__stop-details\\"><div class=\\"m-schedule-diagram__connections\\"><a href=\\"/schedules/BOAT-A/line\\" data-toggle=\\"tooltip\\" data-trigger=\\"hover focus\\" data-placement=\\"bottom\\" data-animation=\\"false\\" data-selector=\\"true\\" data-original-title=\\"Atlantis\\" title=\\"Atlantis\\"><span class=\\"m-schedule-diagram__connection\\"><span class=\\"notranslate c-svg__icon-bus-small\\" aria-hidden=\\"false\\">SVG</span></span></a></div></div><div class=\\"m-schedule-diagram__footer\\"><button class=\\"btn btn-link\\" type=\\"button\\">View schedule</button></div></div></div></div>"`;
