// Jest Snapshot v1, https://goo.gl/fbAQLP

exports[`renders 1`] = `"<div class=\\"schedule-finder\\"><h2 class=\\"h3 schedule-finder__heading\\"><span class=\\"notranslate c-svg__icon\\" aria-hidden=\\"true\\">SVG</span> Schedule Finder</h2><div class=\\"schedule-finder__helptext\\">Choose a stop to get schedule information and real-time departure predictions.</div><div class=\\"schedule-finder__modal-inputs\\"><div><label class=\\"schedule-finder__label\\" for=\\"sf_direction_select\\">Choose a direction</label><div id=\\"sf_direction_select_container\\" tabindex=\\"0\\" class=\\"c-select-custom__container \\" role=\\"button\\"><select id=\\"sf_direction_select\\" class=\\"c-select-custom\\"><option value=\\"\\">Select</option><option value=\\"0\\">INBOUND Oak Grove</option><option value=\\"1\\">OUTBOUND Forest Hills</option></select><span class=\\"notranslate c-svg__icon c-select-custom__arrow\\" aria-hidden=\\"true\\">SVG</span></div></div><div><label class=\\"schedule-finder__label\\" for=\\"sf_origin_select\\">Choose an origin stop</label><div id=\\"sf_origin_select_container\\" tabindex=\\"0\\" class=\\"c-select-custom__container \\" role=\\"button\\"><select id=\\"sf_origin_select\\" class=\\"c-select-custom c-select-custom--noclick\\"><option value=\\"\\">Select</option><option value=\\"place-welln\\">Wellington</option><option value=\\"123\\">Abc</option><option value=\\"741\\">SL</option></select><span class=\\"notranslate c-svg__icon c-select-custom__arrow\\" aria-hidden=\\"true\\">SVG</span></div></div></div><div class=\\"schedule-finder__button text-right\\"><input class=\\"btn btn-primary\\" type=\\"submit\\" value=\\"Get schedules\\"></div></div>"`;
