// Jest Snapshot v1, https://goo.gl/fbAQLP

exports[`it renders 1`] = `
Array [
  <div
    dangerouslySetInnerHTML={
      Object {
        "__html": "<div><a href=\\"http://some-link\\">Some teaser from CMS></a></div>",
      }
    }
  />,
  <h3
    aria-controls="panel-pdfs"
    aria-expanded={true}
    className="c-expandable-block__header"
    id="header-pdfs"
    onClick={[Function]}
    onKeyPress={[Function]}
    role="button"
    tabIndex={0}
  >
    PDF Schedules
    <span
      className="c-expandable-block__header-caret"
      dangerouslySetInnerHTML={
        Object {
          "__html": "&#xF106;",
        }
      }
    />
  </h3>,
  <div
    aria-labelledby="header-pdfs"
    className="c-expandable-block__panel"
    id="panel-pdfs"
    role="region"
    tabIndex={0}
  >
    <a
      className="m-schedule-sidebar__pdfs"
      href="https://mbta.com/example-pdf.pdf"
      rel="noopener noreferrer"
      target="_blank"
    >
      <span
        aria-hidden="true"
        className="notranslate c-svg__icon-pdf"
        dangerouslySetInnerHTML={
          Object {
            "__html": "SVG",
          }
        }
      />
      Route 1 schedule PDF
    </a>
  </div>,
  <noscript>
    <style>
      #header-pdfs { display: none; }
    </style>
    <h3
      className="c-expandable-block__header"
    >
      PDF Schedules
      <span
        className="c-expandable-block__header-caret"
        dangerouslySetInnerHTML={
          Object {
            "__html": "&#xF106;",
          }
        }
      />
    </h3>
    <div
      className="c-expandable-block__panel"
      role="region"
    >
      <a
        className="m-schedule-sidebar__pdfs"
        href="https://mbta.com/example-pdf.pdf"
        rel="noopener noreferrer"
        target="_blank"
      >
        <span
          aria-hidden="true"
          className="notranslate c-svg__icon-pdf"
          dangerouslySetInnerHTML={
            Object {
              "__html": "SVG",
            }
          }
        />
        Route 1 schedule PDF
      </a>
    </div>
  </noscript>,
  <h3
    aria-controls="panel-hours"
    aria-expanded={false}
    className="c-expandable-block__header"
    id="header-hours"
    onClick={[Function]}
    onKeyPress={[Function]}
    role="button"
    tabIndex={0}
  >
    Hours of Operation
    <span
      className="c-expandable-block__header-caret"
      dangerouslySetInnerHTML={
        Object {
          "__html": "&#xF107;",
        }
      }
    />
  </h3>,
  <noscript>
    <style>
      #header-hours { display: none; }
    </style>
    <h3
      className="c-expandable-block__header"
    >
      Hours of Operation
      <span
        className="c-expandable-block__header-caret"
        dangerouslySetInnerHTML={
          Object {
            "__html": "&#xF106;",
          }
        }
      />
    </h3>
    <div
      className="c-expandable-block__panel"
      role="region"
    >
      <div
        className="m-schedule-page__sidebar-hours"
        dangerouslySetInnerHTML={
          Object {
            "__html": "<div class=\\"m-schedule-page__sidebar-hours\\">  <h3 class=\\"hours-period-heading\\">Monday to Friday</h3>
<p class=\\"hours-directions\\">
  <span class=\\"hours-direction-name\\">Inbound</span>
  <span class=\\"hours-time\\">04:17A-12:46A</span>
</p>
<p class=\\"hours-directions\\">
  <span class=\\"hours-direction-name\\">Outbound</span>
  <span class=\\"hours-time\\">05:36A-01:08A</span>
</p>
</div>",
          }
        }
      />
    </div>
  </noscript>,
]
`;
